Archive member included to satisfy reference by file (symbol)

c:/program files (x86)/atmel/studio/7.0/toolchain/avr8/avr8-gnu-toolchain/bin/../lib/gcc/avr/4.9.2/../../../../avr/lib/avr6\libm.a(addsf3.o)
                              MarlinSerial.o (__subsf3)
c:/program files (x86)/atmel/studio/7.0/toolchain/avr8/avr8-gnu-toolchain/bin/../lib/gcc/avr/4.9.2/../../../../avr/lib/avr6\libm.a(addsf3x.o)
                              c:/program files (x86)/atmel/studio/7.0/toolchain/avr8/avr8-gnu-toolchain/bin/../lib/gcc/avr/4.9.2/../../../../avr/lib/avr6\libm.a(addsf3.o) (__addsf3x)
c:/program files (x86)/atmel/studio/7.0/toolchain/avr8/avr8-gnu-toolchain/bin/../lib/gcc/avr/4.9.2/../../../../avr/lib/avr6\libm.a(atan2.o)
                              Marlin_main.o (atan2)
c:/program files (x86)/atmel/studio/7.0/toolchain/avr8/avr8-gnu-toolchain/bin/../lib/gcc/avr/4.9.2/../../../../avr/lib/avr6\libm.a(atan.o)
                              c:/program files (x86)/atmel/studio/7.0/toolchain/avr8/avr8-gnu-toolchain/bin/../lib/gcc/avr/4.9.2/../../../../avr/lib/avr6\libm.a(atan2.o) (atan)
c:/program files (x86)/atmel/studio/7.0/toolchain/avr8/avr8-gnu-toolchain/bin/../lib/gcc/avr/4.9.2/../../../../avr/lib/avr6\libm.a(ceil.o)
                              planner.o (ceil)
c:/program files (x86)/atmel/studio/7.0/toolchain/avr8/avr8-gnu-toolchain/bin/../lib/gcc/avr/4.9.2/../../../../avr/lib/avr6\libm.a(cmpsf2.o)
                              Marlin_main.o (__eqsf2)
c:/program files (x86)/atmel/studio/7.0/toolchain/avr8/avr8-gnu-toolchain/bin/../lib/gcc/avr/4.9.2/../../../../avr/lib/avr6\libm.a(cos.o)
                              Marlin_main.o (cos)
c:/program files (x86)/atmel/studio/7.0/toolchain/avr8/avr8-gnu-toolchain/bin/../lib/gcc/avr/4.9.2/../../../../avr/lib/avr6\libm.a(divsf3.o)
                              MarlinSerial.o (__divsf3)
c:/program files (x86)/atmel/studio/7.0/toolchain/avr8/avr8-gnu-toolchain/bin/../lib/gcc/avr/4.9.2/../../../../avr/lib/avr6\libm.a(divsf3x.o)
                              c:/program files (x86)/atmel/studio/7.0/toolchain/avr8/avr8-gnu-toolchain/bin/../lib/gcc/avr/4.9.2/../../../../avr/lib/avr6\libm.a(divsf3.o) (__divsf3x)
c:/program files (x86)/atmel/studio/7.0/toolchain/avr8/avr8-gnu-toolchain/bin/../lib/gcc/avr/4.9.2/../../../../avr/lib/avr6\libm.a(fixsfsi.o)
                              MarlinSerial.o (__fixsfsi)
c:/program files (x86)/atmel/studio/7.0/toolchain/avr8/avr8-gnu-toolchain/bin/../lib/gcc/avr/4.9.2/../../../../avr/lib/avr6\libm.a(fixunssfsi.o)
                              MarlinSerial.o (__fixunssfsi)
c:/program files (x86)/atmel/studio/7.0/toolchain/avr8/avr8-gnu-toolchain/bin/../lib/gcc/avr/4.9.2/../../../../avr/lib/avr6\libm.a(floatsisf.o)
                              MarlinSerial.o (__floatunsisf)
c:/program files (x86)/atmel/studio/7.0/toolchain/avr8/avr8-gnu-toolchain/bin/../lib/gcc/avr/4.9.2/../../../../avr/lib/avr6\libm.a(floor.o)
                              Marlin_main.o (floor)
c:/program files (x86)/atmel/studio/7.0/toolchain/avr8/avr8-gnu-toolchain/bin/../lib/gcc/avr/4.9.2/../../../../avr/lib/avr6\libm.a(fp_cmp.o)
                              c:/program files (x86)/atmel/studio/7.0/toolchain/avr8/avr8-gnu-toolchain/bin/../lib/gcc/avr/4.9.2/../../../../avr/lib/avr6\libm.a(cmpsf2.o) (__fp_cmp)
c:/program files (x86)/atmel/studio/7.0/toolchain/avr8/avr8-gnu-toolchain/bin/../lib/gcc/avr/4.9.2/../../../../avr/lib/avr6\libm.a(fp_inf.o)
                              c:/program files (x86)/atmel/studio/7.0/toolchain/avr8/avr8-gnu-toolchain/bin/../lib/gcc/avr/4.9.2/../../../../avr/lib/avr6\libm.a(addsf3x.o) (__fp_inf)
c:/program files (x86)/atmel/studio/7.0/toolchain/avr8/avr8-gnu-toolchain/bin/../lib/gcc/avr/4.9.2/../../../../avr/lib/avr6\libm.a(fp_mintl.o)
                              c:/program files (x86)/atmel/studio/7.0/toolchain/avr8/avr8-gnu-toolchain/bin/../lib/gcc/avr/4.9.2/../../../../avr/lib/avr6\libm.a(ceil.o) (__fp_mintl)
c:/program files (x86)/atmel/studio/7.0/toolchain/avr8/avr8-gnu-toolchain/bin/../lib/gcc/avr/4.9.2/../../../../avr/lib/avr6\libm.a(fp_mpack.o)
                              c:/program files (x86)/atmel/studio/7.0/toolchain/avr8/avr8-gnu-toolchain/bin/../lib/gcc/avr/4.9.2/../../../../avr/lib/avr6\libm.a(ceil.o) (__fp_mpack)
c:/program files (x86)/atmel/studio/7.0/toolchain/avr8/avr8-gnu-toolchain/bin/../lib/gcc/avr/4.9.2/../../../../avr/lib/avr6\libm.a(fp_nan.o)
                              c:/program files (x86)/atmel/studio/7.0/toolchain/avr8/avr8-gnu-toolchain/bin/../lib/gcc/avr/4.9.2/../../../../avr/lib/avr6\libm.a(addsf3x.o) (__fp_nan)
c:/program files (x86)/atmel/studio/7.0/toolchain/avr8/avr8-gnu-toolchain/bin/../lib/gcc/avr/4.9.2/../../../../avr/lib/avr6\libm.a(fp_powser.o)
                              c:/program files (x86)/atmel/studio/7.0/toolchain/avr8/avr8-gnu-toolchain/bin/../lib/gcc/avr/4.9.2/../../../../avr/lib/avr6\libm.a(atan.o) (__fp_powser)
[...]
Memory Configuration

Name             Origin             Length             Attributes
text             0x00000000         0x00100000         xr
data             0x00800200         0x0000fe00         rw !x
eeprom           0x00810000         0x00010000         rw !x
fuse             0x00820000         0x00000400         rw !x
lock             0x00830000         0x00000400         rw !x
signature        0x00840000         0x00000400         rw !x
user_signatures  0x00850000         0x00000400         rw !x
*default*        0x00000000         0xffffffff

Linker script and memory map

Address of section .data set to 0x800200
LOAD C:/Program Files (x86)/Atmel/Studio/7.0/Packs/atmel/ATmega_DFP/1.0.106/gcc/dev/atmega2560/avr6/crtatmega2560.o
LOAD blinkm.o
LOAD buzzer.o
LOAD cardreader.o
LOAD configuration_store.o
LOAD dac_mcp4728.o
LOAD digipot_mcp4451.o
LOAD M100_Free_Mem_Chk.o
LOAD MarlinSerial.o
LOAD Marlin_main.o
LOAD mesh_bed_leveling.o
LOAD planner.o
LOAD qr_solve.o
LOAD Sd2Card.o
LOAD SdBaseFile.o
LOAD SdFatUtil.o
LOAD SdFile.o
LOAD SdVolume.o
LOAD servo.o
LOAD stepper.o
LOAD stepper_dac.o
LOAD stepper_indirection.o
LOAD stopwatch.o
LOAD temperature.o
LOAD twibus.o
LOAD ultralcd.o
LOAD vector_3.o
LOAD watchdog.o
START GROUP
LOAD c:/program files (x86)/atmel/studio/7.0/toolchain/avr8/avr8-gnu-toolchain/bin/../lib/gcc/avr/4.9.2/../../../../avr/lib/avr6\libm.a
END GROUP
LOAD c:/program files (x86)/atmel/studio/7.0/toolchain/avr8/avr8-gnu-toolchain/bin/../lib/gcc/avr/4.9.2/avr6\libgcc.a
LOAD c:/program files (x86)/atmel/studio/7.0/toolchain/avr8/avr8-gnu-toolchain/bin/../lib/gcc/avr/4.9.2/../../../../avr/lib/avr6\libm.a
START GROUP
LOAD c:/program files (x86)/atmel/studio/7.0/toolchain/avr8/avr8-gnu-toolchain/bin/../lib/gcc/avr/4.9.2/avr6\libgcc.a
LOAD c:/program files (x86)/atmel/studio/7.0/toolchain/avr8/avr8-gnu-toolchain/bin/../lib/gcc/avr/4.9.2/../../../../avr/lib/avr6\libm.a
LOAD c:/program files (x86)/atmel/studio/7.0/toolchain/avr8/avr8-gnu-toolchain/bin/../lib/gcc/avr/4.9.2/../../../../avr/lib/avr6\libc.a
LOAD C:/Program Files (x86)/Atmel/Studio/7.0/Packs/atmel/ATmega_DFP/1.0.106/gcc/dev/atmega2560/avr6\libatmega2560.a
END GROUP
                0x00100000                __TEXT_REGION_LENGTH__ = DEFINED (__TEXT_REGION_LENGTH__)?__TEXT_REGION_LENGTH__:0x100000
                0x0000fe00                __DATA_REGION_LENGTH__ = DEFINED (__DATA_REGION_LENGTH__)?__DATA_REGION_LENGTH__:0xfe00
                0x00010000                __EEPROM_REGION_LENGTH__ = DEFINED (__EEPROM_REGION_LENGTH__)?__EEPROM_REGION_LENGTH__:0x10000
                0x00000400                __FUSE_REGION_LENGTH__ = DEFINED (__FUSE_REGION_LENGTH__)?__FUSE_REGION_LENGTH__:0x400
                0x00000400                __LOCK_REGION_LENGTH__ = DEFINED (__LOCK_REGION_LENGTH__)?__LOCK_REGION_LENGTH__:0x400
                0x00000400                __SIGNATURE_REGION_LENGTH__ = DEFINED (__SIGNATURE_REGION_LENGTH__)?__SIGNATURE_REGION_LENGTH__:0x400
                0x00000400                __USER_SIGNATURE_REGION_LENGTH__ = DEFINED (__USER_SIGNATURE_REGION_LENGTH__)?__USER_SIGNATURE_REGION_LENGTH__:0x400

.hash
 *(.hash)

.dynsym
 *(.dynsym)

.dynstr
 *(.dynstr)

.gnu.version
 *(.gnu.version)

.gnu.version_d
 *(.gnu.version_d)

.gnu.version_r
 *(.gnu.version_r)

.rel.init
 *(.rel.init)

.rela.init
 *(.rela.init)

.rel.text
 *(.rel.text)
 *(.rel.text.*)
 *(.rel.gnu.linkonce.t*)

.rela.text
 *(.rela.text)
 *(.rela.text.*)
 *(.rela.gnu.linkonce.t*)

.rel.fini
 *(.rel.fini)

.rela.fini
 *(.rela.fini)

.rel.rodata
 *(.rel.rodata)
 *(.rel.rodata.*)
 *(.rel.gnu.linkonce.r*)

.rela.rodata
 *(.rela.rodata)
 *(.rela.rodata.*)
 *(.rela.gnu.linkonce.r*)

.rel.data
 *(.rel.data)
 *(.rel.data.*)
 *(.rel.gnu.linkonce.d*)

.rela.data
 *(.rela.data)
 *(.rela.data.*)
 *(.rela.gnu.linkonce.d*)

.rel.ctors
 *(.rel.ctors)

.rela.ctors
 *(.rela.ctors)

.rel.dtors
 *(.rel.dtors)

.rela.dtors
 *(.rela.dtors)

.rel.got
 *(.rel.got)

.rela.got
 *(.rela.got)

.rel.bss
 *(.rel.bss)

.rela.bss
 *(.rela.bss)

.rel.plt
 *(.rel.plt)

.rela.plt
 *(.rela.plt)

.text           0x00000000     0x2b62
 *(.vectors)
 .vectors       0x00000000       0xe4 C:/Program Files (x86)/Atmel/Studio/7.0/Packs/atmel/ATmega_DFP/1.0.106/gcc/dev/atmega2560/avr6/crtatmega2560.o
                0x00000000                __vector_default
                0x00000000                __vectors
 *(.vectors)
 *(.progmem.gcc*)
 .progmem.gcc_sw_table.__vector_22
                0x000000e4       0x1a temperature.o
                0x000000fe                . = ALIGN (0x2)
                0x000000fe                __trampolines_start = .
 *(.trampolines)
 .trampolines   0x000000fe        0x0 linker stubs
 *(.trampolines*)
                0x000000fe                __trampolines_end = .
 *libprintf_flt.a:*(.progmem.data)
 *libc.a:*(.progmem.data)
 *(.progmem*)
 .progmem.data._ZZ4killPKcE3__c
                0x000000fe       0x1f Marlin_main.o
 .progmem.data.errormagic
                0x0000011d        0x7 Marlin_main.o
                0x0000011d                errormagic
 .progmem.data._ZL22speed_lookuptable_slow
                0x00000124      0x400 stepper.o
 .progmem.data._ZL22speed_lookuptable_fast
                0x00000524      0x400 stepper.o
 .progmem.data._ZZ11__vector_22E3__c_1
                0x00000924       0x12 temperature.o
 .progmem.data._ZZ11__vector_22E3__c_2
                0x00000936       0x11 temperature.o
 .progmem.data._ZZ11__vector_22E3__c
                0x00000947       0x12 temperature.o
 .progmem.data._ZZ11__vector_22E3__c_0
                0x00000959       0x11 temperature.o
 .progmem.data._ZZ14min_temp_errorhE3__c
                0x0000096a       0x12 temperature.o
 .progmem.data._ZZ14min_temp_errorhE3__c_0
                0x0000097c        0xd temperature.o
 .progmem.data._ZZ11_temp_erroriPKcS0_E3__c_0
                0x00000989        0x4 temperature.o
                0x00000989                _ZZ11_temp_erroriPKcS0_E3__c_0
 .progmem.data._ZZ11_temp_erroriPKcS0_E3__c
                0x0000098d       0x1e temperature.o
                0x0000098d                _ZZ11_temp_erroriPKcS0_E3__c
 .progmem.data._ZZ14max_temp_errorhE3__c
                0x000009ab       0x12 temperature.o
 .progmem.data._ZZ14max_temp_errorhE3__c_0
                0x000009bd        0xd temperature.o
                0x000009ca                . = ALIGN (0x2)
 *(.jumptables)
 *(.jumptables*)
 *(.lowtext)
 *(.lowtext*)
                0x000009ca                __ctors_start = .
 *(.ctors)
 .ctors         0x000009ca        0x2 Marlin_main.o
                0x000009cc                __ctors_end = .
                0x000009cc                __dtors_start = .
 *(.dtors)
                0x000009cc                __dtors_end = .
 SORT(*)(.ctors)
 SORT(*)(.dtors)
 *(.init0)
 .init0         0x000009cc        0x0 C:/Program Files (x86)/Atmel/Studio/7.0/Packs/atmel/ATmega_DFP/1.0.106/gcc/dev/atmega2560/avr6/crtatmega2560.o
                0x000009cc                __init
 *(.init0)
 *(.init1)
 *(.init1)
 *(.init2)
 .init2         0x000009cc       0x10 C:/Program Files (x86)/Atmel/Studio/7.0/Packs/atmel/ATmega_DFP/1.0.106/gcc/dev/atmega2560/avr6/crtatmega2560.o
 *(.init2)
 *(.init3)
 *(.init3)
 *(.init4)
 .init4         0x000009dc       0x1a c:/program files (x86)/atmel/studio/7.0/toolchain/avr8/avr8-gnu-toolchain/bin/../lib/gcc/avr/4.9.2/avr6\libgcc.a(_copy_data.o)
                0x000009dc                __do_copy_data
 .init4         0x000009f6       0x10 c:/program files (x86)/atmel/studio/7.0/toolchain/avr8/avr8-gnu-toolchain/bin/../lib/gcc/avr/4.9.2/avr6\libgcc.a(_clear_bss.o)
                0x000009f6                __do_clear_bss
 *(.init4)
 *(.init5)
 *(.init5)
 *(.init6)
 .init6         0x00000a06       0x20 c:/program files (x86)/atmel/studio/7.0/toolchain/avr8/avr8-gnu-toolchain/bin/../lib/gcc/avr/4.9.2/avr6\libgcc.a(_ctors.o)
                0x00000a06                __do_global_ctors
 *(.init6)
 *(.init7)
 *(.init7)
 *(.init8)
 *(.init8)
 *(.init9)
 .init9         0x00000a26        0x8 C:/Program Files (x86)/Atmel/Studio/7.0/Packs/atmel/ATmega_DFP/1.0.106/gcc/dev/atmega2560/avr6/crtatmega2560.o
 *(.init9)
 *(.text)
 .text          0x00000a2e        0x2 C:/Program Files (x86)/Atmel/Studio/7.0/Packs/atmel/ATmega_DFP/1.0.106/gcc/dev/atmega2560/avr6/crtatmega2560.o
                0x00000a2e                __vector_38
                0x00000a2e                __vector_28
                0x00000a2e                __vector_1
                0x00000a2e                __vector_32
                0x00000a2e                __vector_34
                0x00000a2e                __vector_24
                0x00000a2e                __vector_12
                0x00000a2e                __vector_55
                0x00000a2e                __vector_46
                0x00000a2e                __bad_interrupt
                0x00000a2e                __vector_6
                0x00000a2e                __vector_31
                0x00000a2e                __vector_35
                0x00000a2e                __vector_39
                0x00000a2e                __vector_3
                0x00000a2e                __vector_23
                0x00000a2e                __vector_30
                0x00000a2e                __vector_45
                0x00000a2e                __vector_11
                0x00000a2e                __vector_54
                0x00000a2e                __vector_13
                0x00000a2e                __vector_19
                0x00000a2e                __vector_56
                0x00000a2e                __vector_7
                0x00000a2e                __vector_49
                0x00000a2e                __vector_41
                0x00000a2e                __vector_43
                0x00000a2e                __vector_27
                0x00000a2e                __vector_5
                0x00000a2e                __vector_33
                0x00000a2e                __vector_47
                0x00000a2e                __vector_52
                0x00000a2e                __vector_37
                0x00000a2e                __vector_4
                0x00000a2e                __vector_44
                0x00000a2e                __vector_51
                0x00000a2e                __vector_9
                0x00000a2e                __vector_2
                0x00000a2e                __vector_15
                0x00000a2e                __vector_36
                0x00000a2e                __vector_29
                0x00000a2e                __vector_40
                0x00000a2e                __vector_8
                0x00000a2e                __vector_26
                0x00000a2e                __vector_48
                0x00000a2e                __vector_14
                0x00000a2e                __vector_53
                0x00000a2e                __vector_10
                0x00000a2e                __vector_50
                0x00000a2e                __vector_16
                0x00000a2e                __vector_18
                0x00000a2e                __vector_20
                0x00000a2e                __vector_42
                0x00000a30                . = ALIGN (0x2)
 *(.text.*)
 .text.__vector_25
                0x00000a30       0x5c MarlinSerial.o
                0x00000a30                __vector_25
 .text._ZN12MarlinSerial5printEii
                0x00000a8c      0x1ea MarlinSerial.o
                0x00000a8c                _ZN12MarlinSerial5printEii
 .text._ZN12MarlinSerial7printlnEji
                0x00000c76      0x12c MarlinSerial.o
                0x00000c76                _ZN12MarlinSerial7printlnEji
 .text._Z20disable_all_steppersv
                0x00000da2       0x22 Marlin_main.o
                0x00000da2                _Z20disable_all_steppersv
 .text._Z4killPKc
                0x00000dc4       0x7e Marlin_main.o
                0x00000dc4                _Z4killPKc
 .text.startup._GLOBAL__sub_I_Running
                0x00000e42        0x8 Marlin_main.o
 .text._Z21set_stepper_directionv
                0x00000e4a       0x78 stepper.o
                0x00000e4a                _Z21set_stepper_directionv
 .text.__vector_17
                0x00000ec2     0x1054 stepper.o
                0x00000ec2                __vector_17
 .text.__vector_21
                0x00001f16      0x260 stepper.o
                0x00001f16                __vector_21
 .text._ZN9StopwatchC2Ev
                0x00002176       0x1a stopwatch.o
                0x00002176                _ZN9StopwatchC1Ev
                0x00002176                _ZN9StopwatchC2Ev
 .text._ZN9Stopwatch4stopEv
                0x00002190       0x28 stopwatch.o
                0x00002190                _ZN9Stopwatch4stopEv
 .text._Z19disable_all_heatersv
                0x000021b8      0x12a temperature.o
                0x000021b8                _Z19disable_all_heatersv
 .text.__vector_22
                0x000022e2      0x60a temperature.o
                0x000022e2                __vector_22
 .text.avr-libc.fplib
                0x000028ec        0xa c:/program files (x86)/atmel/studio/7.0/toolchain/avr8/avr8-gnu-toolchain/bin/../lib/gcc/avr/4.9.2/../../../../avr/lib/avr6\libm.a(addsf3.o)
                0x000028ec                __subsf3
                0x000028ee                __addsf3
 .text.avr-libc.fplib
                0x000028f6       0xc0 c:/program files (x86)/atmel/studio/7.0/toolchain/avr8/avr8-gnu-toolchain/bin/../lib/gcc/avr/4.9.2/../../../../avr/lib/avr6\libm.a(addsf3x.o)
                0x00002910                __addsf3x
 .text.avr-libc.fplib
                0x000029b6        0x8 c:/program files (x86)/atmel/studio/7.0/toolchain/avr8/avr8-gnu-toolchain/bin/../lib/gcc/avr/4.9.2/../../../../avr/lib/avr6\libm.a(cmpsf2.o)
                0x000029b6                __nesf2
                0x000029b6                __eqsf2
                0x000029b6                __cmpsf2
                0x000029b6                __ltsf2
                0x000029b6                __lesf2
 .text.avr-libc.fplib
                0x000029be        0xa c:/program files (x86)/atmel/studio/7.0/toolchain/avr8/avr8-gnu-toolchain/bin/../lib/gcc/avr/4.9.2/../../../../avr/lib/avr6\libm.a(fixsfsi.o)
                0x000029be                __fixsfsi
 .text.avr-libc.fplib
                0x000029c8       0x58 c:/program files (x86)/atmel/studio/7.0/toolchain/avr8/avr8-gnu-toolchain/bin/../lib/gcc/avr/4.9.2/../../../../avr/lib/avr6\libm.a(fixunssfsi.o)
                0x000029c8                __fixunssfsi
 .text.avr-libc.fplib
                0x00002a20       0x48 c:/program files (x86)/atmel/studio/7.0/toolchain/avr8/avr8-gnu-toolchain/bin/../lib/gcc/avr/4.9.2/../../../../avr/lib/avr6\libm.a(fp_cmp.o)
                0x00002a20                __fp_cmp
 .text.avr-libc.fplib
                0x00002a68        0xc c:/program files (x86)/atmel/studio/7.0/toolchain/avr8/avr8-gnu-toolchain/bin/../lib/gcc/avr/4.9.2/../../../../avr/lib/avr6\libm.a(fp_inf.o)
                0x00002a68                __fp_inf
 .text.avr-libc.fplib
                0x00002a74        0x6 c:/program files (x86)/atmel/studio/7.0/toolchain/avr8/avr8-gnu-toolchain/bin/../lib/gcc/avr/4.9.2/../../../../avr/lib/avr6\libm.a(fp_nan.o)
                0x00002a74                __fp_nan
 .text.avr-libc.fplib
                0x00002a7a        0xe c:/program files (x86)/atmel/studio/7.0/toolchain/avr8/avr8-gnu-toolchain/bin/../lib/gcc/avr/4.9.2/../../../../avr/lib/avr6\libm.a(fp_pscA.o)
                0x00002a7a                __fp_pscA
 .text.avr-libc.fplib
                0x00002a88        0xe c:/program files (x86)/atmel/studio/7.0/toolchain/avr8/avr8-gnu-toolchain/bin/../lib/gcc/avr/4.9.2/../../../../avr/lib/avr6\libm.a(fp_pscB.o)
                0x00002a88                __fp_pscB
 .text.avr-libc.fplib
                0x00002a96       0x22 c:/program files (x86)/atmel/studio/7.0/toolchain/avr8/avr8-gnu-toolchain/bin/../lib/gcc/avr/4.9.2/../../../../avr/lib/avr6\libm.a(fp_round.o)
                0x00002a96                __fp_round
 .text.avr-libc.fplib
                0x00002ab8       0x44 c:/program files (x86)/atmel/studio/7.0/toolchain/avr8/avr8-gnu-toolchain/bin/../lib/gcc/avr/4.9.2/../../../../avr/lib/avr6\libm.a(fp_split3.o)
                0x00002ab8                __fp_split3
                0x00002ac8                __fp_splitA
 .text.avr-libc.fplib
                0x00002afc        0xe c:/program files (x86)/atmel/studio/7.0/toolchain/avr8/avr8-gnu-toolchain/bin/../lib/gcc/avr/4.9.2/../../../../avr/lib/avr6\libm.a(fp_zero.o)
                0x00002afc                __fp_zero
                0x00002afe                __fp_szero
 .text.libgcc.div
                0x00002b0a       0x44 c:/program files (x86)/atmel/studio/7.0/toolchain/avr8/avr8-gnu-toolchain/bin/../lib/gcc/avr/4.9.2/avr6\libgcc.a(_udivmodsi4.o)
                0x00002b0a                __udivmodsi4
 .text.libgcc   0x00002b4e       0x10 c:/program files (x86)/atmel/studio/7.0/toolchain/avr8/avr8-gnu-toolchain/bin/../lib/gcc/avr/4.9.2/avr6\libgcc.a(_tablejump2.o)
                0x00002b4e                __tablejump2__
                0x00002b5e                . = ALIGN (0x2)
 *(.fini9)
 .fini9         0x00002b5e        0x0 c:/program files (x86)/atmel/studio/7.0/toolchain/avr8/avr8-gnu-toolchain/bin/../lib/gcc/avr/4.9.2/avr6\libgcc.a(_exit.o)
                0x00002b5e                _exit
                0x00002b5e                exit
 *(.fini9)
 *(.fini8)
 *(.fini8)
 *(.fini7)
 *(.fini7)
 *(.fini6)
 *(.fini6)
 *(.fini5)
 *(.fini5)
 *(.fini4)
 *(.fini4)
 *(.fini3)
 *(.fini3)
 *(.fini2)
 *(.fini2)
 *(.fini1)
 *(.fini1)
 *(.fini0)
 .fini0         0x00002b5e        0x4 c:/program files (x86)/atmel/studio/7.0/toolchain/avr8/avr8-gnu-toolchain/bin/../lib/gcc/avr/4.9.2/avr6\libgcc.a(_exit.o)
 *(.fini0)
                0x00002b62                _etext = .

.data           0x00800200       0x22 load address 0x00002b62
                0x00800200                PROVIDE (__data_start, .)
 *(.data)
 *(.data*)
 .data.Running  0x00800200        0x1 Marlin_main.o
                0x00800200                Running
 .data._ZZ25trapezoid_generator_resetvE13last_extruder
                0x00800201        0x1 stepper.o
                0x00800201                _ZZ25trapezoid_generator_resetvE13last_extruder
 .data.count_direction
                0x00800202        0x4 stepper.o
                0x00800202                count_direction
 .data._ZL14check_endstops
                0x00800206        0x1 stepper.o
 .data._ZZ11__vector_22E10temp_state
                0x00800207        0x1 temperature.o
 .data._ZZ11__vector_22E9pwm_count
                0x00800208        0x1 temperature.o
 .data._ZL16bed_minttemp_raw
                0x00800209        0x2 temperature.o
 .data._ZL12minttemp_raw
                0x0080020b        0x2 temperature.o
 *(.rodata)
 *(.rodata*)
 .rodata.str1.1
                0x0080020d       0x14 stepper.o
 *(.gnu.linkonce.d*)
                0x00800222                . = ALIGN (0x2)
 *fill*         0x00800221        0x1 
                0x00800222                _edata = .
                0x00800222                PROVIDE (__data_end, .)

.bss            0x00800222      0x70e
                0x00800222                PROVIDE (__bss_start, .)
 *(.bss)
 *(.bss*)
 .bss.customizedSerial
                0x00800222        0x1 MarlinSerial.o
                0x00800222                customizedSerial
 .bss.rx_buffer
                0x00800223       0x82 MarlinSerial.o
                0x00800223                rx_buffer
 .bss.print_job_timer
                0x008002a5        0xb Marlin_main.o
                0x008002a5                print_job_timer
 .bss.axis_known_position
                0x008002b0        0x3 Marlin_main.o
                0x008002b0                axis_known_position
 .bss.block_buffer_tail
                0x008002b3        0x1 planner.o
                0x008002b3                block_buffer_tail
 .bss.block_buffer_head
                0x008002b4        0x1 planner.o
                0x008002b4                block_buffer_head
 .bss.block_buffer
                0x008002b5      0x5d0 planner.o
                0x008002b5                block_buffer
 .bss.old_OCR0A
                0x00800885        0x1 stepper.o
                0x00800885                old_OCR0A
 .bss.count_position
                0x00800886       0x10 stepper.o
                0x00800886                count_position
 .bss._ZL16old_endstop_bits
                0x00800896        0x1 stepper.o
 .bss._ZL16endstop_hit_bits
                0x00800897        0x1 stepper.o
 .bss.endstops_trigsteps
                0x00800898        0xc stepper.o
                0x00800898                endstops_trigsteps
 .bss._ZL13OCR1A_nominal
                0x008008a4        0x2 stepper.o
 .bss._ZL18step_loops_nominal
                0x008008a6        0x1 stepper.o
 .bss._ZL10step_loops
                0x008008a7        0x1 stepper.o
 .bss._ZL13acc_step_rate
                0x008008a8        0x2 stepper.o
 .bss._ZL17deceleration_time
                0x008008aa        0x4 stepper.o
 .bss._ZL17acceleration_time
                0x008008ae        0x4 stepper.o
 .bss._ZL7e_steps
                0x008008b2       0x10 stepper.o
 .bss._ZL11old_advance
                0x008008c2        0x4 stepper.o
 .bss._ZL13final_advance
                0x008008c6        0x4 stepper.o
 .bss._ZL7advance
                0x008008ca        0x4 stepper.o
 .bss._ZL21step_events_completed
                0x008008ce        0x4 stepper.o
 .bss._ZL9counter_e
                0x008008d2        0x4 stepper.o
 .bss._ZL9counter_z
                0x008008d6        0x4 stepper.o
 .bss._ZL9counter_y
                0x008008da        0x4 stepper.o
 .bss._ZL9counter_x
                0x008008de        0x4 stepper.o
 .bss._ZL23cleaning_buffer_counter
                0x008008e2        0x2 stepper.o
 .bss._ZL8out_bits
                0x008008e4        0x1 stepper.o
 .bss.current_block
                0x008008e5        0x2 stepper.o
                0x008008e5                current_block
 .bss._ZZ11__vector_22E10temp_count
                0x008008e7        0x1 temperature.o
 .bss._ZZ11__vector_22E12soft_pwm_BED
                0x008008e8        0x1 temperature.o
 .bss._ZZ11__vector_22E10soft_pwm_0
                0x008008e9        0x1 temperature.o
 .bss._ZZ11_temp_erroriPKcS0_E6killed
                0x008008ea        0x1 temperature.o
                0x008008ea                _ZZ11_temp_erroriPKcS0_E6killed
 .bss._ZL18raw_temp_bed_value
                0x008008eb        0x4 temperature.o
 .bss._ZL14raw_temp_value
                0x008008ef       0x10 temperature.o
 .bss.watch_heater_next_ms
                0x008008ff        0x4 temperature.o
                0x008008ff                watch_heater_next_ms
 .bss.watch_target_temp
                0x00800903        0x2 temperature.o
                0x00800903                watch_target_temp
 .bss._ZL16bed_maxttemp_raw
                0x00800905        0x2 temperature.o
 .bss._ZL12maxttemp_raw
                0x00800907        0x2 temperature.o
 .bss._ZL8soft_pwm
                0x00800909        0x1 temperature.o
 .bss._ZL15temp_meas_ready
                0x0080090a        0x1 temperature.o
 .bss.soft_pwm_bed
                0x0080090b        0x1 temperature.o
                0x0080090b                soft_pwm_bed
 .bss.current_temperature_bed_raw
                0x0080090c        0x2 temperature.o
                0x0080090c                current_temperature_bed_raw
 .bss.current_temperature
                0x0080090e       0x10 temperature.o
                0x0080090e                current_temperature
 .bss.current_temperature_raw
                0x0080091e        0x8 temperature.o
                0x0080091e                current_temperature_raw
 .bss.target_temperature_bed
                0x00800926        0x2 temperature.o
                0x00800926                target_temperature_bed
 .bss.target_temperature
                0x00800928        0x8 temperature.o
                0x00800928                target_temperature
 *(COMMON)
                0x00800930                PROVIDE (__bss_end, .)
                0x00002b62                __data_load_start = LOADADDR (.data)
                0x00002b84                __data_load_end = (__data_load_start + SIZEOF (.data))

.noinit         0x00800930        0x0
                [!provide]                PROVIDE (__noinit_start, .)
 *(.noinit*)
                [!provide]                PROVIDE (__noinit_end, .)
                0x00800930                _end = .
                0x00800930                PROVIDE (__heap_start, .)

.eeprom         0x00810000        0x0
 *(.eeprom*)
                0x00810000                __eeprom_end = .

.fuse
 *(.fuse)
 *(.lfuse)
 *(.hfuse)
 *(.efuse)

.lock
 *(.lock*)

.signature
 *(.signature*)

.user_signatures
 *(.user_signatures*)

.stab
 *(.stab)

.stabstr
 *(.stabstr)

.stab.excl
 *(.stab.excl)

.stab.exclstr
 *(.stab.exclstr)

.stab.index
 *(.stab.index)

.stab.indexstr
 *(.stab.indexstr)

.comment        0x00000000       0x30
 *(.comment)
 .comment       0x00000000       0x30 MarlinSerial.o
                                 0x31 (size before relaxing)
 .comment       0x00000030       0x31 Marlin_main.o
 .comment       0x00000030       0x31 planner.o
 .comment       0x00000030       0x31 stepper.o
 .comment       0x00000030       0x31 stopwatch.o
 .comment       0x00000030       0x31 temperature.o

.note.gnu.avr.deviceinfo
                0x00000000       0x40
 .note.gnu.avr.deviceinfo
                0x00000000       0x40 C:/Program Files (x86)/Atmel/Studio/7.0/Packs/atmel/ATmega_DFP/1.0.106/gcc/dev/atmega2560/avr6/crtatmega2560.o

.note.gnu.build-id
 *(.note.gnu.build-id)

.debug
 *(.debug)

.line
 *(.line)

.debug_srcinfo
 *(.debug_srcinfo)

.debug_sfnames
 *(.debug_sfnames)

.debug_aranges  0x00000000      0x5d0
 *(.debug_aranges)
 .debug_aranges
                0x00000000       0xe8 MarlinSerial.o
 .debug_aranges
                0x000000e8      0x280 Marlin_main.o
 .debug_aranges
                0x00000368       0x90 planner.o
 .debug_aranges
                0x000003f8       0xd0 stepper.o
 .debug_aranges
                0x000004c8       0x58 stopwatch.o
 .debug_aranges
                0x00000520       0xb0 temperature.o

.debug_pubnames
 *(.debug_pubnames)

.debug_info     0x00000000    0x2366e
 *(.debug_info .gnu.linkonce.wi.*)
 .debug_info    0x00000000     0x4c85 MarlinSerial.o
 .debug_info    0x00004c85    0x1164f Marlin_main.o
 .debug_info    0x000162d4     0x3198 planner.o
 .debug_info    0x0001946c     0x31bd stepper.o
 .debug_info    0x0001c629     0x1993 stopwatch.o
 .debug_info    0x0001dfbc     0x56b2 temperature.o

.debug_abbrev   0x00000000     0x23d6
 *(.debug_abbrev)
 .debug_abbrev  0x00000000      0x51c MarlinSerial.o
 .debug_abbrev  0x0000051c      0x866 Marlin_main.o
 .debug_abbrev  0x00000d82      0x5be planner.o
 .debug_abbrev  0x00001340      0x648 stepper.o
 .debug_abbrev  0x00001988      0x323 stopwatch.o
 .debug_abbrev  0x00001cab      0x72b temperature.o

.debug_line     0x00000000     0xa5c5
 *(.debug_line .debug_line.* .debug_line_end)
 .debug_line    0x00000000     0x107d MarlinSerial.o
 .debug_line    0x0000107d     0x596a Marlin_main.o
 .debug_line    0x000069e7      0xf2c planner.o
 .debug_line    0x00007913      0xea8 stepper.o
 .debug_line    0x000087bb      0x3a7 stopwatch.o
 .debug_line    0x00008b62     0x1a63 temperature.o

.debug_frame    0x00000000     0x1f40
 *(.debug_frame)
 .debug_frame   0x00000000      0x5f4 MarlinSerial.o
 .debug_frame   0x000005f4      0xcb0 Marlin_main.o
 .debug_frame   0x000012a4      0x4a4 planner.o
 .debug_frame   0x00001748      0x278 stepper.o
 .debug_frame   0x000019c0       0xd4 stopwatch.o
 .debug_frame   0x00001a94      0x4ac temperature.o

.debug_str      0x00000000     0x4128
 *(.debug_str)
 .debug_str     0x00000000      0xfeb MarlinSerial.o
                               0x107e (size before relaxing)
 .debug_str     0x00000feb     0x217a Marlin_main.o
                               0x3338 (size before relaxing)
 .debug_str     0x00003165      0x4c9 planner.o
                               0x1a60 (size before relaxing)
 .debug_str     0x0000362e      0x48e stepper.o
                               0x1977 (size before relaxing)
 .debug_str     0x00003abc       0x25 stopwatch.o
                               0x1125 (size before relaxing)
 .debug_str     0x00003ae1      0x647 temperature.o
                               0x1cc8 (size before relaxing)

.debug_loc      0x00000000    0x16dc4
 *(.debug_loc)
 .debug_loc     0x00000000     0x4090 MarlinSerial.o
 .debug_loc     0x00004090     0xa0c6 Marlin_main.o
 .debug_loc     0x0000e156     0x3ac7 planner.o
 .debug_loc     0x00011c1d     0x1313 stepper.o
 .debug_loc     0x00012f30      0x2a6 stopwatch.o
 .debug_loc     0x000131d6     0x3bee temperature.o

.debug_macinfo
 *(.debug_macinfo)

.debug_weaknames
 *(.debug_weaknames)

.debug_funcnames
 *(.debug_funcnames)

.debug_typenames
 *(.debug_typenames)

.debug_varnames
 *(.debug_varnames)

.debug_pubtypes
 *(.debug_pubtypes)

.debug_ranges   0x00000000     0x4978
 *(.debug_ranges)
 .debug_ranges  0x00000000      0x590 MarlinSerial.o
 .debug_ranges  0x00000590     0x3220 Marlin_main.o
 .debug_ranges  0x000037b0      0x3c8 planner.o
 .debug_ranges  0x00003b78      0x348 stepper.o
 .debug_ranges  0x00003ec0       0x48 stopwatch.o
 .debug_ranges  0x00003f08      0xa70 temperature.o

.debug_macro
 *(.debug_macro)
OUTPUT(Marlin.elf elf32-avr)
LOAD linker stubs
